// Vitest Snapshot v1

exports[`GlobalStyle > match snapshot 1`] = `<DocumentFragment />`;
